[24-Mar-2026 21:06:34 UTC] PHP Notice:  Function _load_textdomain_just_in_time was called <strong>incorrectly</strong>. Translation loading for the <code>cyr2lat</code> domain was triggered too early. This is usually an indicator for some code in the plugin or theme running too early. Translations should be loaded at the <code>init</code> action or later. Please see <a href="https://developer.wordpress.org/advanced-administration/debug/debug-wordpress/">Debugging in WordPress</a> for more information. (This message was added in version 6.7.0.) in C:\OSPanel\home\classes.local\wp-includes\functions.php on line 6131
[24-Mar-2026 21:06:34 UTC] PHP Deprecated:  Функция seems_utf8 с версии 6.9.0 <strong>считается устаревшей</strong>! Используйте wp_is_valid_utf8(). in C:\OSPanel\home\classes.local\wp-includes\functions.php on line 6131
[24-Mar-2026 21:06:34 UTC] CPT Slider attributes: Array
(
    [postType] => events
    [taxonomy] => event_category
    [terms] => Array
        (
            [0] => 23
            [1] => 25
        )

)

[24-Mar-2026 21:06:40 UTC] PHP Notice:  Function _load_textdomain_just_in_time was called <strong>incorrectly</strong>. Translation loading for the <code>cyr2lat</code> domain was triggered too early. This is usually an indicator for some code in the plugin or theme running too early. Translations should be loaded at the <code>init</code> action or later. Please see <a href="https://developer.wordpress.org/advanced-administration/debug/debug-wordpress/">Debugging in WordPress</a> for more information. (This message was added in version 6.7.0.) in C:\OSPanel\home\classes.local\wp-includes\functions.php on line 6131
[24-Mar-2026 21:06:40 UTC] PHP Deprecated:  Функция seems_utf8 с версии 6.9.0 <strong>считается устаревшей</strong>! Используйте wp_is_valid_utf8(). in C:\OSPanel\home\classes.local\wp-includes\functions.php on line 6131
[24-Mar-2026 21:06:40 UTC] CPT Slider attributes: Array
(
    [postType] => events
    [taxonomy] => event_category
    [terms] => Array
        (
            [0] => 23
            [1] => 25
        )

)

[24-Mar-2026 21:06:40 UTC] PHP Notice:  Function _load_textdomain_just_in_time was called <strong>incorrectly</strong>. Translation loading for the <code>cyr2lat</code> domain was triggered too early. This is usually an indicator for some code in the plugin or theme running too early. Translations should be loaded at the <code>init</code> action or later. Please see <a href="https://developer.wordpress.org/advanced-administration/debug/debug-wordpress/">Debugging in WordPress</a> for more information. (This message was added in version 6.7.0.) in C:\OSPanel\home\classes.local\wp-includes\functions.php on line 6131
[24-Mar-2026 21:06:40 UTC] PHP Deprecated:  Функция seems_utf8 с версии 6.9.0 <strong>считается устаревшей</strong>! Используйте wp_is_valid_utf8(). in C:\OSPanel\home\classes.local\wp-includes\functions.php on line 6131
[24-Mar-2026 21:06:46 UTC] PHP Notice:  Function _load_textdomain_just_in_time was called <strong>incorrectly</strong>. Translation loading for the <code>cyr2lat</code> domain was triggered too early. This is usually an indicator for some code in the plugin or theme running too early. Translations should be loaded at the <code>init</code> action or later. Please see <a href="https://developer.wordpress.org/advanced-administration/debug/debug-wordpress/">Debugging in WordPress</a> for more information. (This message was added in version 6.7.0.) in C:\OSPanel\home\classes.local\wp-includes\functions.php on line 6131
[24-Mar-2026 21:06:46 UTC] PHP Deprecated:  Функция seems_utf8 с версии 6.9.0 <strong>считается устаревшей</strong>! Используйте wp_is_valid_utf8(). in C:\OSPanel\home\classes.local\wp-includes\functions.php on line 6131
[24-Mar-2026 21:06:46 UTC] PHP Notice:  Function _load_textdomain_just_in_time was called <strong>incorrectly</strong>. Translation loading for the <code>cyr2lat</code> domain was triggered too early. This is usually an indicator for some code in the plugin or theme running too early. Translations should be loaded at the <code>init</code> action or later. Please see <a href="https://developer.wordpress.org/advanced-administration/debug/debug-wordpress/">Debugging in WordPress</a> for more information. (This message was added in version 6.7.0.) in C:\OSPanel\home\classes.local\wp-includes\functions.php on line 6131
[24-Mar-2026 21:06:46 UTC] PHP Deprecated:  Функция seems_utf8 с версии 6.9.0 <strong>считается устаревшей</strong>! Используйте wp_is_valid_utf8(). in C:\OSPanel\home\classes.local\wp-includes\functions.php on line 6131
[24-Mar-2026 21:06:46 UTC] CPT Slider attributes: Array
(
    [postType] => events
    [taxonomy] => event_category
    [terms] => Array
        (
            [0] => 23
            [1] => 25
        )

)

[24-Mar-2026 21:06:47 UTC] PHP Notice:  Function _load_textdomain_just_in_time was called <strong>incorrectly</strong>. Translation loading for the <code>cyr2lat</code> domain was triggered too early. This is usually an indicator for some code in the plugin or theme running too early. Translations should be loaded at the <code>init</code> action or later. Please see <a href="https://developer.wordpress.org/advanced-administration/debug/debug-wordpress/">Debugging in WordPress</a> for more information. (This message was added in version 6.7.0.) in C:\OSPanel\home\classes.local\wp-includes\functions.php on line 6131
[24-Mar-2026 21:06:47 UTC] PHP Deprecated:  Функция seems_utf8 с версии 6.9.0 <strong>считается устаревшей</strong>! Используйте wp_is_valid_utf8(). in C:\OSPanel\home\classes.local\wp-includes\functions.php on line 6131
[24-Mar-2026 21:06:47 UTC] CPT Slider attributes: Array
(
    [postType] => events
    [taxonomy] => event_category
    [terms] => Array
        (
            [0] => 23
            [1] => 25
        )

)

[24-Mar-2026 21:06:48 UTC] PHP Notice:  Function _load_textdomain_just_in_time was called <strong>incorrectly</strong>. Translation loading for the <code>cyr2lat</code> domain was triggered too early. This is usually an indicator for some code in the plugin or theme running too early. Translations should be loaded at the <code>init</code> action or later. Please see <a href="https://developer.wordpress.org/advanced-administration/debug/debug-wordpress/">Debugging in WordPress</a> for more information. (This message was added in version 6.7.0.) in C:\OSPanel\home\classes.local\wp-includes\functions.php on line 6131
[24-Mar-2026 21:06:48 UTC] PHP Notice:  Function _load_textdomain_just_in_time was called <strong>incorrectly</strong>. Translation loading for the <code>cyr2lat</code> domain was triggered too early. This is usually an indicator for some code in the plugin or theme running too early. Translations should be loaded at the <code>init</code> action or later. Please see <a href="https://developer.wordpress.org/advanced-administration/debug/debug-wordpress/">Debugging in WordPress</a> for more information. (This message was added in version 6.7.0.) in C:\OSPanel\home\classes.local\wp-includes\functions.php on line 6131
[24-Mar-2026 21:06:48 UTC] PHP Deprecated:  Функция seems_utf8 с версии 6.9.0 <strong>считается устаревшей</strong>! Используйте wp_is_valid_utf8(). in C:\OSPanel\home\classes.local\wp-includes\functions.php on line 6131
[24-Mar-2026 21:06:48 UTC] PHP Deprecated:  Функция seems_utf8 с версии 6.9.0 <strong>считается устаревшей</strong>! Используйте wp_is_valid_utf8(). in C:\OSPanel\home\classes.local\wp-includes\functions.php on line 6131
[24-Mar-2026 21:07:00 UTC] PHP Notice:  Function _load_textdomain_just_in_time was called <strong>incorrectly</strong>. Translation loading for the <code>cyr2lat</code> domain was triggered too early. This is usually an indicator for some code in the plugin or theme running too early. Translations should be loaded at the <code>init</code> action or later. Please see <a href="https://developer.wordpress.org/advanced-administration/debug/debug-wordpress/">Debugging in WordPress</a> for more information. (This message was added in version 6.7.0.) in C:\OSPanel\home\classes.local\wp-includes\functions.php on line 6131
[24-Mar-2026 21:07:00 UTC] PHP Deprecated:  Функция seems_utf8 с версии 6.9.0 <strong>считается устаревшей</strong>! Используйте wp_is_valid_utf8(). in C:\OSPanel\home\classes.local\wp-includes\functions.php on line 6131
[24-Mar-2026 21:07:00 UTC] CPT Slider attributes: Array
(
    [postType] => events
    [taxonomy] => event_category
    [terms] => Array
        (
            [0] => 23
            [1] => 25
        )

)

[24-Mar-2026 21:07:01 UTC] PHP Notice:  Function _load_textdomain_just_in_time was called <strong>incorrectly</strong>. Translation loading for the <code>cyr2lat</code> domain was triggered too early. This is usually an indicator for some code in the plugin or theme running too early. Translations should be loaded at the <code>init</code> action or later. Please see <a href="https://developer.wordpress.org/advanced-administration/debug/debug-wordpress/">Debugging in WordPress</a> for more information. (This message was added in version 6.7.0.) in C:\OSPanel\home\classes.local\wp-includes\functions.php on line 6131
[24-Mar-2026 21:07:01 UTC] PHP Deprecated:  Функция seems_utf8 с версии 6.9.0 <strong>считается устаревшей</strong>! Используйте wp_is_valid_utf8(). in C:\OSPanel\home\classes.local\wp-includes\functions.php on line 6131
[24-Mar-2026 21:07:06 UTC] PHP Notice:  Function _load_textdomain_just_in_time was called <strong>incorrectly</strong>. Translation loading for the <code>cyr2lat</code> domain was triggered too early. This is usually an indicator for some code in the plugin or theme running too early. Translations should be loaded at the <code>init</code> action or later. Please see <a href="https://developer.wordpress.org/advanced-administration/debug/debug-wordpress/">Debugging in WordPress</a> for more information. (This message was added in version 6.7.0.) in C:\OSPanel\home\classes.local\wp-includes\functions.php on line 6131
[24-Mar-2026 21:07:06 UTC] PHP Deprecated:  Функция seems_utf8 с версии 6.9.0 <strong>считается устаревшей</strong>! Используйте wp_is_valid_utf8(). in C:\OSPanel\home\classes.local\wp-includes\functions.php on line 6131
[24-Mar-2026 21:07:11 UTC] PHP Notice:  Function _load_textdomain_just_in_time was called <strong>incorrectly</strong>. Translation loading for the <code>cyr2lat</code> domain was triggered too early. This is usually an indicator for some code in the plugin or theme running too early. Translations should be loaded at the <code>init</code> action or later. Please see <a href="https://developer.wordpress.org/advanced-administration/debug/debug-wordpress/">Debugging in WordPress</a> for more information. (This message was added in version 6.7.0.) in C:\OSPanel\home\classes.local\wp-includes\functions.php on line 6131
[24-Mar-2026 21:07:11 UTC] PHP Deprecated:  Функция seems_utf8 с версии 6.9.0 <strong>считается устаревшей</strong>! Используйте wp_is_valid_utf8(). in C:\OSPanel\home\classes.local\wp-includes\functions.php on line 6131
[24-Mar-2026 21:07:12 UTC] PHP Notice:  Function _load_textdomain_just_in_time was called <strong>incorrectly</strong>. Translation loading for the <code>cyr2lat</code> domain was triggered too early. This is usually an indicator for some code in the plugin or theme running too early. Translations should be loaded at the <code>init</code> action or later. Please see <a href="https://developer.wordpress.org/advanced-administration/debug/debug-wordpress/">Debugging in WordPress</a> for more information. (This message was added in version 6.7.0.) in C:\OSPanel\home\classes.local\wp-includes\functions.php on line 6131
[24-Mar-2026 21:07:12 UTC] PHP Deprecated:  Функция seems_utf8 с версии 6.9.0 <strong>считается устаревшей</strong>! Используйте wp_is_valid_utf8(). in C:\OSPanel\home\classes.local\wp-includes\functions.php on line 6131
[24-Mar-2026 21:07:15 UTC] PHP Notice:  Function _load_textdomain_just_in_time was called <strong>incorrectly</strong>. Translation loading for the <code>cyr2lat</code> domain was triggered too early. This is usually an indicator for some code in the plugin or theme running too early. Translations should be loaded at the <code>init</code> action or later. Please see <a href="https://developer.wordpress.org/advanced-administration/debug/debug-wordpress/">Debugging in WordPress</a> for more information. (This message was added in version 6.7.0.) in C:\OSPanel\home\classes.local\wp-includes\functions.php on line 6131
[24-Mar-2026 21:07:15 UTC] PHP Deprecated:  Функция seems_utf8 с версии 6.9.0 <strong>считается устаревшей</strong>! Используйте wp_is_valid_utf8(). in C:\OSPanel\home\classes.local\wp-includes\functions.php on line 6131
[24-Mar-2026 21:07:23 UTC] PHP Notice:  Function _load_textdomain_just_in_time was called <strong>incorrectly</strong>. Translation loading for the <code>cyr2lat</code> domain was triggered too early. This is usually an indicator for some code in the plugin or theme running too early. Translations should be loaded at the <code>init</code> action or later. Please see <a href="https://developer.wordpress.org/advanced-administration/debug/debug-wordpress/">Debugging in WordPress</a> for more information. (This message was added in version 6.7.0.) in C:\OSPanel\home\classes.local\wp-includes\functions.php on line 6131
[24-Mar-2026 21:07:23 UTC] PHP Deprecated:  Функция seems_utf8 с версии 6.9.0 <strong>считается устаревшей</strong>! Используйте wp_is_valid_utf8(). in C:\OSPanel\home\classes.local\wp-includes\functions.php on line 6131
[24-Mar-2026 21:07:42 UTC] PHP Notice:  Function _load_textdomain_just_in_time was called <strong>incorrectly</strong>. Translation loading for the <code>cyr2lat</code> domain was triggered too early. This is usually an indicator for some code in the plugin or theme running too early. Translations should be loaded at the <code>init</code> action or later. Please see <a href="https://developer.wordpress.org/advanced-administration/debug/debug-wordpress/">Debugging in WordPress</a> for more information. (This message was added in version 6.7.0.) in C:\OSPanel\home\classes.local\wp-includes\functions.php on line 6131
[24-Mar-2026 21:07:42 UTC] PHP Deprecated:  Функция seems_utf8 с версии 6.9.0 <strong>считается устаревшей</strong>! Используйте wp_is_valid_utf8(). in C:\OSPanel\home\classes.local\wp-includes\functions.php on line 6131
[24-Mar-2026 21:07:44 UTC] PHP Notice:  Function _load_textdomain_just_in_time was called <strong>incorrectly</strong>. Translation loading for the <code>cyr2lat</code> domain was triggered too early. This is usually an indicator for some code in the plugin or theme running too early. Translations should be loaded at the <code>init</code> action or later. Please see <a href="https://developer.wordpress.org/advanced-administration/debug/debug-wordpress/">Debugging in WordPress</a> for more information. (This message was added in version 6.7.0.) in C:\OSPanel\home\classes.local\wp-includes\functions.php on line 6131
[24-Mar-2026 21:07:44 UTC] PHP Deprecated:  Функция seems_utf8 с версии 6.9.0 <strong>считается устаревшей</strong>! Используйте wp_is_valid_utf8(). in C:\OSPanel\home\classes.local\wp-includes\functions.php on line 6131
[24-Mar-2026 21:07:52 UTC] PHP Notice:  Function _load_textdomain_just_in_time was called <strong>incorrectly</strong>. Translation loading for the <code>cyr2lat</code> domain was triggered too early. This is usually an indicator for some code in the plugin or theme running too early. Translations should be loaded at the <code>init</code> action or later. Please see <a href="https://developer.wordpress.org/advanced-administration/debug/debug-wordpress/">Debugging in WordPress</a> for more information. (This message was added in version 6.7.0.) in C:\OSPanel\home\classes.local\wp-includes\functions.php on line 6131
[24-Mar-2026 21:07:52 UTC] PHP Deprecated:  Функция seems_utf8 с версии 6.9.0 <strong>считается устаревшей</strong>! Используйте wp_is_valid_utf8(). in C:\OSPanel\home\classes.local\wp-includes\functions.php on line 6131
[24-Mar-2026 21:08:08 UTC] PHP Notice:  Function _load_textdomain_just_in_time was called <strong>incorrectly</strong>. Translation loading for the <code>cyr2lat</code> domain was triggered too early. This is usually an indicator for some code in the plugin or theme running too early. Translations should be loaded at the <code>init</code> action or later. Please see <a href="https://developer.wordpress.org/advanced-administration/debug/debug-wordpress/">Debugging in WordPress</a> for more information. (This message was added in version 6.7.0.) in C:\OSPanel\home\classes.local\wp-includes\functions.php on line 6131
[24-Mar-2026 21:08:08 UTC] PHP Deprecated:  Функция seems_utf8 с версии 6.9.0 <strong>считается устаревшей</strong>! Используйте wp_is_valid_utf8(). in C:\OSPanel\home\classes.local\wp-includes\functions.php on line 6131
[24-Mar-2026 21:08:18 UTC] PHP Notice:  Function _load_textdomain_just_in_time was called <strong>incorrectly</strong>. Translation loading for the <code>cyr2lat</code> domain was triggered too early. This is usually an indicator for some code in the plugin or theme running too early. Translations should be loaded at the <code>init</code> action or later. Please see <a href="https://developer.wordpress.org/advanced-administration/debug/debug-wordpress/">Debugging in WordPress</a> for more information. (This message was added in version 6.7.0.) in C:\OSPanel\home\classes.local\wp-includes\functions.php on line 6131
[24-Mar-2026 21:08:18 UTC] PHP Deprecated:  Функция seems_utf8 с версии 6.9.0 <strong>считается устаревшей</strong>! Используйте wp_is_valid_utf8(). in C:\OSPanel\home\classes.local\wp-includes\functions.php on line 6131
[24-Mar-2026 21:08:22 UTC] PHP Notice:  Function _load_textdomain_just_in_time was called <strong>incorrectly</strong>. Translation loading for the <code>cyr2lat</code> domain was triggered too early. This is usually an indicator for some code in the plugin or theme running too early. Translations should be loaded at the <code>init</code> action or later. Please see <a href="https://developer.wordpress.org/advanced-administration/debug/debug-wordpress/">Debugging in WordPress</a> for more information. (This message was added in version 6.7.0.) in C:\OSPanel\home\classes.local\wp-includes\functions.php on line 6131
[24-Mar-2026 21:08:22 UTC] PHP Deprecated:  Функция seems_utf8 с версии 6.9.0 <strong>считается устаревшей</strong>! Используйте wp_is_valid_utf8(). in C:\OSPanel\home\classes.local\wp-includes\functions.php on line 6131
[24-Mar-2026 21:08:22 UTC] PHP Notice:  Function _load_textdomain_just_in_time was called <strong>incorrectly</strong>. Translation loading for the <code>cyr2lat</code> domain was triggered too early. This is usually an indicator for some code in the plugin or theme running too early. Translations should be loaded at the <code>init</code> action or later. Please see <a href="https://developer.wordpress.org/advanced-administration/debug/debug-wordpress/">Debugging in WordPress</a> for more information. (This message was added in version 6.7.0.) in C:\OSPanel\home\classes.local\wp-includes\functions.php on line 6131
[24-Mar-2026 21:08:22 UTC] PHP Notice:  Function _load_textdomain_just_in_time was called <strong>incorrectly</strong>. Translation loading for the <code>cyr2lat</code> domain was triggered too early. This is usually an indicator for some code in the plugin or theme running too early. Translations should be loaded at the <code>init</code> action or later. Please see <a href="https://developer.wordpress.org/advanced-administration/debug/debug-wordpress/">Debugging in WordPress</a> for more information. (This message was added in version 6.7.0.) in C:\OSPanel\home\classes.local\wp-includes\functions.php on line 6131
[24-Mar-2026 21:08:22 UTC] PHP Notice:  Function _load_textdomain_just_in_time was called <strong>incorrectly</strong>. Translation loading for the <code>cyr2lat</code> domain was triggered too early. This is usually an indicator for some code in the plugin or theme running too early. Translations should be loaded at the <code>init</code> action or later. Please see <a href="https://developer.wordpress.org/advanced-administration/debug/debug-wordpress/">Debugging in WordPress</a> for more information. (This message was added in version 6.7.0.) in C:\OSPanel\home\classes.local\wp-includes\functions.php on line 6131
[24-Mar-2026 21:08:23 UTC] PHP Deprecated:  Функция seems_utf8 с версии 6.9.0 <strong>считается устаревшей</strong>! Используйте wp_is_valid_utf8(). in C:\OSPanel\home\classes.local\wp-includes\functions.php on line 6131
[24-Mar-2026 21:08:23 UTC] PHP Deprecated:  Функция seems_utf8 с версии 6.9.0 <strong>считается устаревшей</strong>! Используйте wp_is_valid_utf8(). in C:\OSPanel\home\classes.local\wp-includes\functions.php on line 6131
[24-Mar-2026 21:08:23 UTC] PHP Deprecated:  Функция seems_utf8 с версии 6.9.0 <strong>считается устаревшей</strong>! Используйте wp_is_valid_utf8(). in C:\OSPanel\home\classes.local\wp-includes\functions.php on line 6131
[24-Mar-2026 21:08:23 UTC] PHP Notice:  Function _load_textdomain_just_in_time was called <strong>incorrectly</strong>. Translation loading for the <code>cyr2lat</code> domain was triggered too early. This is usually an indicator for some code in the plugin or theme running too early. Translations should be loaded at the <code>init</code> action or later. Please see <a href="https://developer.wordpress.org/advanced-administration/debug/debug-wordpress/">Debugging in WordPress</a> for more information. (This message was added in version 6.7.0.) in C:\OSPanel\home\classes.local\wp-includes\functions.php on line 6131
[24-Mar-2026 21:08:23 UTC] PHP Deprecated:  Функция seems_utf8 с версии 6.9.0 <strong>считается устаревшей</strong>! Используйте wp_is_valid_utf8(). in C:\OSPanel\home\classes.local\wp-includes\functions.php on line 6131
[24-Mar-2026 21:08:23 UTC] PHP Notice:  Function _load_textdomain_just_in_time was called <strong>incorrectly</strong>. Translation loading for the <code>cyr2lat</code> domain was triggered too early. This is usually an indicator for some code in the plugin or theme running too early. Translations should be loaded at the <code>init</code> action or later. Please see <a href="https://developer.wordpress.org/advanced-administration/debug/debug-wordpress/">Debugging in WordPress</a> for more information. (This message was added in version 6.7.0.) in C:\OSPanel\home\classes.local\wp-includes\functions.php on line 6131
[24-Mar-2026 21:08:23 UTC] PHP Deprecated:  Функция seems_utf8 с версии 6.9.0 <strong>считается устаревшей</strong>! Используйте wp_is_valid_utf8(). in C:\OSPanel\home\classes.local\wp-includes\functions.php on line 6131
[24-Mar-2026 21:08:24 UTC] PHP Notice:  Function _load_textdomain_just_in_time was called <strong>incorrectly</strong>. Translation loading for the <code>cyr2lat</code> domain was triggered too early. This is usually an indicator for some code in the plugin or theme running too early. Translations should be loaded at the <code>init</code> action or later. Please see <a href="https://developer.wordpress.org/advanced-administration/debug/debug-wordpress/">Debugging in WordPress</a> for more information. (This message was added in version 6.7.0.) in C:\OSPanel\home\classes.local\wp-includes\functions.php on line 6131
[24-Mar-2026 21:08:24 UTC] PHP Deprecated:  Функция seems_utf8 с версии 6.9.0 <strong>считается устаревшей</strong>! Используйте wp_is_valid_utf8(). in C:\OSPanel\home\classes.local\wp-includes\functions.php on line 6131
[24-Mar-2026 21:08:25 UTC] PHP Notice:  Function _load_textdomain_just_in_time was called <strong>incorrectly</strong>. Translation loading for the <code>cyr2lat</code> domain was triggered too early. This is usually an indicator for some code in the plugin or theme running too early. Translations should be loaded at the <code>init</code> action or later. Please see <a href="https://developer.wordpress.org/advanced-administration/debug/debug-wordpress/">Debugging in WordPress</a> for more information. (This message was added in version 6.7.0.) in C:\OSPanel\home\classes.local\wp-includes\functions.php on line 6131
[24-Mar-2026 21:08:25 UTC] PHP Notice:  Function _load_textdomain_just_in_time was called <strong>incorrectly</strong>. Translation loading for the <code>cyr2lat</code> domain was triggered too early. This is usually an indicator for some code in the plugin or theme running too early. Translations should be loaded at the <code>init</code> action or later. Please see <a href="https://developer.wordpress.org/advanced-administration/debug/debug-wordpress/">Debugging in WordPress</a> for more information. (This message was added in version 6.7.0.) in C:\OSPanel\home\classes.local\wp-includes\functions.php on line 6131
[24-Mar-2026 21:08:25 UTC] PHP Deprecated:  Функция seems_utf8 с версии 6.9.0 <strong>считается устаревшей</strong>! Используйте wp_is_valid_utf8(). in C:\OSPanel\home\classes.local\wp-includes\functions.php on line 6131
[24-Mar-2026 21:08:25 UTC] PHP Deprecated:  Функция seems_utf8 с версии 6.9.0 <strong>считается устаревшей</strong>! Используйте wp_is_valid_utf8(). in C:\OSPanel\home\classes.local\wp-includes\functions.php on line 6131
[24-Mar-2026 21:08:26 UTC] PHP Notice:  Function _load_textdomain_just_in_time was called <strong>incorrectly</strong>. Translation loading for the <code>cyr2lat</code> domain was triggered too early. This is usually an indicator for some code in the plugin or theme running too early. Translations should be loaded at the <code>init</code> action or later. Please see <a href="https://developer.wordpress.org/advanced-administration/debug/debug-wordpress/">Debugging in WordPress</a> for more information. (This message was added in version 6.7.0.) in C:\OSPanel\home\classes.local\wp-includes\functions.php on line 6131
[24-Mar-2026 21:08:26 UTC] PHP Deprecated:  Функция seems_utf8 с версии 6.9.0 <strong>считается устаревшей</strong>! Используйте wp_is_valid_utf8(). in C:\OSPanel\home\classes.local\wp-includes\functions.php on line 6131
[24-Mar-2026 21:08:26 UTC] PHP Notice:  Function _load_textdomain_just_in_time was called <strong>incorrectly</strong>. Translation loading for the <code>cyr2lat</code> domain was triggered too early. This is usually an indicator for some code in the plugin or theme running too early. Translations should be loaded at the <code>init</code> action or later. Please see <a href="https://developer.wordpress.org/advanced-administration/debug/debug-wordpress/">Debugging in WordPress</a> for more information. (This message was added in version 6.7.0.) in C:\OSPanel\home\classes.local\wp-includes\functions.php on line 6131
[24-Mar-2026 21:08:26 UTC] PHP Deprecated:  Функция seems_utf8 с версии 6.9.0 <strong>считается устаревшей</strong>! Используйте wp_is_valid_utf8(). in C:\OSPanel\home\classes.local\wp-includes\functions.php on line 6131
[24-Mar-2026 21:08:28 UTC] PHP Notice:  Function _load_textdomain_just_in_time was called <strong>incorrectly</strong>. Translation loading for the <code>cyr2lat</code> domain was triggered too early. This is usually an indicator for some code in the plugin or theme running too early. Translations should be loaded at the <code>init</code> action or later. Please see <a href="https://developer.wordpress.org/advanced-administration/debug/debug-wordpress/">Debugging in WordPress</a> for more information. (This message was added in version 6.7.0.) in C:\OSPanel\home\classes.local\wp-includes\functions.php on line 6131
[24-Mar-2026 21:08:29 UTC] PHP Deprecated:  Функция seems_utf8 с версии 6.9.0 <strong>считается устаревшей</strong>! Используйте wp_is_valid_utf8(). in C:\OSPanel\home\classes.local\wp-includes\functions.php on line 6131
[24-Mar-2026 21:08:38 UTC] PHP Notice:  Function _load_textdomain_just_in_time was called <strong>incorrectly</strong>. Translation loading for the <code>cyr2lat</code> domain was triggered too early. This is usually an indicator for some code in the plugin or theme running too early. Translations should be loaded at the <code>init</code> action or later. Please see <a href="https://developer.wordpress.org/advanced-administration/debug/debug-wordpress/">Debugging in WordPress</a> for more information. (This message was added in version 6.7.0.) in C:\OSPanel\home\classes.local\wp-includes\functions.php on line 6131
[24-Mar-2026 21:08:38 UTC] PHP Deprecated:  Функция seems_utf8 с версии 6.9.0 <strong>считается устаревшей</strong>! Используйте wp_is_valid_utf8(). in C:\OSPanel\home\classes.local\wp-includes\functions.php on line 6131
[24-Mar-2026 21:08:44 UTC] PHP Notice:  Function _load_textdomain_just_in_time was called <strong>incorrectly</strong>. Translation loading for the <code>cyr2lat</code> domain was triggered too early. This is usually an indicator for some code in the plugin or theme running too early. Translations should be loaded at the <code>init</code> action or later. Please see <a href="https://developer.wordpress.org/advanced-administration/debug/debug-wordpress/">Debugging in WordPress</a> for more information. (This message was added in version 6.7.0.) in C:\OSPanel\home\classes.local\wp-includes\functions.php on line 6131
[24-Mar-2026 21:08:44 UTC] PHP Notice:  Function _load_textdomain_just_in_time was called <strong>incorrectly</strong>. Translation loading for the <code>cyr2lat</code> domain was triggered too early. This is usually an indicator for some code in the plugin or theme running too early. Translations should be loaded at the <code>init</code> action or later. Please see <a href="https://developer.wordpress.org/advanced-administration/debug/debug-wordpress/">Debugging in WordPress</a> for more information. (This message was added in version 6.7.0.) in C:\OSPanel\home\classes.local\wp-includes\functions.php on line 6131
[24-Mar-2026 21:08:44 UTC] PHP Notice:  Function _load_textdomain_just_in_time was called <strong>incorrectly</strong>. Translation loading for the <code>cyr2lat</code> domain was triggered too early. This is usually an indicator for some code in the plugin or theme running too early. Translations should be loaded at the <code>init</code> action or later. Please see <a href="https://developer.wordpress.org/advanced-administration/debug/debug-wordpress/">Debugging in WordPress</a> for more information. (This message was added in version 6.7.0.) in C:\OSPanel\home\classes.local\wp-includes\functions.php on line 6131
[24-Mar-2026 21:08:44 UTC] PHP Notice:  Function _load_textdomain_just_in_time was called <strong>incorrectly</strong>. Translation loading for the <code>cyr2lat</code> domain was triggered too early. This is usually an indicator for some code in the plugin or theme running too early. Translations should be loaded at the <code>init</code> action or later. Please see <a href="https://developer.wordpress.org/advanced-administration/debug/debug-wordpress/">Debugging in WordPress</a> for more information. (This message was added in version 6.7.0.) in C:\OSPanel\home\classes.local\wp-includes\functions.php on line 6131
[24-Mar-2026 21:08:44 UTC] PHP Deprecated:  Функция seems_utf8 с версии 6.9.0 <strong>считается устаревшей</strong>! Используйте wp_is_valid_utf8(). in C:\OSPanel\home\classes.local\wp-includes\functions.php on line 6131
[24-Mar-2026 21:08:44 UTC] PHP Deprecated:  Функция seems_utf8 с версии 6.9.0 <strong>считается устаревшей</strong>! Используйте wp_is_valid_utf8(). in C:\OSPanel\home\classes.local\wp-includes\functions.php on line 6131
[24-Mar-2026 21:08:44 UTC] PHP Deprecated:  Функция seems_utf8 с версии 6.9.0 <strong>считается устаревшей</strong>! Используйте wp_is_valid_utf8(). in C:\OSPanel\home\classes.local\wp-includes\functions.php on line 6131
[24-Mar-2026 21:08:44 UTC] PHP Deprecated:  Функция seems_utf8 с версии 6.9.0 <strong>считается устаревшей</strong>! Используйте wp_is_valid_utf8(). in C:\OSPanel\home\classes.local\wp-includes\functions.php on line 6131
[24-Mar-2026 21:08:45 UTC] PHP Notice:  Function _load_textdomain_just_in_time was called <strong>incorrectly</strong>. Translation loading for the <code>cyr2lat</code> domain was triggered too early. This is usually an indicator for some code in the plugin or theme running too early. Translations should be loaded at the <code>init</code> action or later. Please see <a href="https://developer.wordpress.org/advanced-administration/debug/debug-wordpress/">Debugging in WordPress</a> for more information. (This message was added in version 6.7.0.) in C:\OSPanel\home\classes.local\wp-includes\functions.php on line 6131
[24-Mar-2026 21:08:45 UTC] PHP Deprecated:  Функция seems_utf8 с версии 6.9.0 <strong>считается устаревшей</strong>! Используйте wp_is_valid_utf8(). in C:\OSPanel\home\classes.local\wp-includes\functions.php on line 6131
[24-Mar-2026 21:08:45 UTC] CPT Slider attributes: Array
(
    [postType] => events
    [taxonomy] => event_category
    [terms] => Array
        (
            [0] => 23
            [1] => 25
        )

)

[24-Mar-2026 21:08:45 UTC] CPT Slider attributes: Array
(
    [postType] => events
    [taxonomy] => event_category
    [terms] => Array
        (
            [0] => 23
            [1] => 25
        )

)

[24-Mar-2026 21:08:46 UTC] PHP Notice:  Function _load_textdomain_just_in_time was called <strong>incorrectly</strong>. Translation loading for the <code>cyr2lat</code> domain was triggered too early. This is usually an indicator for some code in the plugin or theme running too early. Translations should be loaded at the <code>init</code> action or later. Please see <a href="https://developer.wordpress.org/advanced-administration/debug/debug-wordpress/">Debugging in WordPress</a> for more information. (This message was added in version 6.7.0.) in C:\OSPanel\home\classes.local\wp-includes\functions.php on line 6131
[24-Mar-2026 21:08:46 UTC] PHP Deprecated:  Функция seems_utf8 с версии 6.9.0 <strong>считается устаревшей</strong>! Используйте wp_is_valid_utf8(). in C:\OSPanel\home\classes.local\wp-includes\functions.php on line 6131
[24-Mar-2026 21:08:46 UTC] PHP Deprecated:  Функция seems_utf8 с версии 6.9.0 <strong>считается устаревшей</strong>! Используйте wp_is_valid_utf8(). in C:\OSPanel\home\classes.local\wp-includes\functions.php on line 6131
[24-Mar-2026 21:08:46 UTC] PHP Deprecated:  Функция seems_utf8 с версии 6.9.0 <strong>считается устаревшей</strong>! Используйте wp_is_valid_utf8(). in C:\OSPanel\home\classes.local\wp-includes\functions.php on line 6131
[24-Mar-2026 21:08:46 UTC] PHP Deprecated:  Функция seems_utf8 с версии 6.9.0 <strong>считается устаревшей</strong>! Используйте wp_is_valid_utf8(). in C:\OSPanel\home\classes.local\wp-includes\functions.php on line 6131
[24-Mar-2026 21:08:46 UTC] PHP Notice:  Function _load_textdomain_just_in_time was called <strong>incorrectly</strong>. Translation loading for the <code>cyr2lat</code> domain was triggered too early. This is usually an indicator for some code in the plugin or theme running too early. Translations should be loaded at the <code>init</code> action or later. Please see <a href="https://developer.wordpress.org/advanced-administration/debug/debug-wordpress/">Debugging in WordPress</a> for more information. (This message was added in version 6.7.0.) in C:\OSPanel\home\classes.local\wp-includes\functions.php on line 6131
[24-Mar-2026 21:08:46 UTC] PHP Deprecated:  Функция seems_utf8 с версии 6.9.0 <strong>считается устаревшей</strong>! Используйте wp_is_valid_utf8(). in C:\OSPanel\home\classes.local\wp-includes\functions.php on line 6131
[24-Mar-2026 21:08:46 UTC] PHP Deprecated:  Функция seems_utf8 с версии 6.9.0 <strong>считается устаревшей</strong>! Используйте wp_is_valid_utf8(). in C:\OSPanel\home\classes.local\wp-includes\functions.php on line 6131
[24-Mar-2026 21:08:46 UTC] PHP Deprecated:  Функция seems_utf8 с версии 6.9.0 <strong>считается устаревшей</strong>! Используйте wp_is_valid_utf8(). in C:\OSPanel\home\classes.local\wp-includes\functions.php on line 6131
[24-Mar-2026 21:08:46 UTC] PHP Deprecated:  Функция seems_utf8 с версии 6.9.0 <strong>считается устаревшей</strong>! Используйте wp_is_valid_utf8(). in C:\OSPanel\home\classes.local\wp-includes\functions.php on line 6131
[24-Mar-2026 21:08:47 UTC] CPT Slider attributes: Array
(
    [postType] => events
    [taxonomy] => event_category
    [terms] => Array
        (
            [0] => 23
            [1] => 25
        )

)

[24-Mar-2026 21:08:47 UTC] CPT Slider attributes: Array
(
    [postType] => events
    [taxonomy] => event_category
    [terms] => Array
        (
            [0] => 23
            [1] => 25
        )

)

[24-Mar-2026 21:08:47 UTC] PHP Notice:  Function _load_textdomain_just_in_time was called <strong>incorrectly</strong>. Translation loading for the <code>cyr2lat</code> domain was triggered too early. This is usually an indicator for some code in the plugin or theme running too early. Translations should be loaded at the <code>init</code> action or later. Please see <a href="https://developer.wordpress.org/advanced-administration/debug/debug-wordpress/">Debugging in WordPress</a> for more information. (This message was added in version 6.7.0.) in C:\OSPanel\home\classes.local\wp-includes\functions.php on line 6131
[24-Mar-2026 21:08:47 UTC] PHP Deprecated:  Функция seems_utf8 с версии 6.9.0 <strong>считается устаревшей</strong>! Используйте wp_is_valid_utf8(). in C:\OSPanel\home\classes.local\wp-includes\functions.php on line 6131
[24-Mar-2026 21:08:47 UTC] CPT Slider attributes: Array
(
    [postType] => events
    [taxonomy] => event_category
    [terms] => Array
        (
            [0] => 23
            [1] => 25
        )

)

[24-Mar-2026 21:08:48 UTC] PHP Notice:  Function _load_textdomain_just_in_time was called <strong>incorrectly</strong>. Translation loading for the <code>cyr2lat</code> domain was triggered too early. This is usually an indicator for some code in the plugin or theme running too early. Translations should be loaded at the <code>init</code> action or later. Please see <a href="https://developer.wordpress.org/advanced-administration/debug/debug-wordpress/">Debugging in WordPress</a> for more information. (This message was added in version 6.7.0.) in C:\OSPanel\home\classes.local\wp-includes\functions.php on line 6131
[24-Mar-2026 21:08:48 UTC] PHP Deprecated:  Функция seems_utf8 с версии 6.9.0 <strong>считается устаревшей</strong>! Используйте wp_is_valid_utf8(). in C:\OSPanel\home\classes.local\wp-includes\functions.php on line 6131
[24-Mar-2026 21:08:49 UTC] PHP Notice:  Function _load_textdomain_just_in_time was called <strong>incorrectly</strong>. Translation loading for the <code>cyr2lat</code> domain was triggered too early. This is usually an indicator for some code in the plugin or theme running too early. Translations should be loaded at the <code>init</code> action or later. Please see <a href="https://developer.wordpress.org/advanced-administration/debug/debug-wordpress/">Debugging in WordPress</a> for more information. (This message was added in version 6.7.0.) in C:\OSPanel\home\classes.local\wp-includes\functions.php on line 6131
[24-Mar-2026 21:08:49 UTC] PHP Deprecated:  Функция seems_utf8 с версии 6.9.0 <strong>считается устаревшей</strong>! Используйте wp_is_valid_utf8(). in C:\OSPanel\home\classes.local\wp-includes\functions.php on line 6131
[24-Mar-2026 21:09:26 UTC] PHP Notice:  Function _load_textdomain_just_in_time was called <strong>incorrectly</strong>. Translation loading for the <code>cyr2lat</code> domain was triggered too early. This is usually an indicator for some code in the plugin or theme running too early. Translations should be loaded at the <code>init</code> action or later. Please see <a href="https://developer.wordpress.org/advanced-administration/debug/debug-wordpress/">Debugging in WordPress</a> for more information. (This message was added in version 6.7.0.) in C:\OSPanel\home\classes.local\wp-includes\functions.php on line 6131
[24-Mar-2026 21:09:26 UTC] PHP Deprecated:  Функция seems_utf8 с версии 6.9.0 <strong>считается устаревшей</strong>! Используйте wp_is_valid_utf8(). in C:\OSPanel\home\classes.local\wp-includes\functions.php on line 6131
[24-Mar-2026 21:09:26 UTC] CPT Slider attributes: Array
(
    [postType] => events
    [taxonomy] => event_category
    [terms] => Array
        (
            [0] => 23
            [1] => 25
        )

)

[24-Mar-2026 21:09:52 UTC] PHP Notice:  Function _load_textdomain_just_in_time was called <strong>incorrectly</strong>. Translation loading for the <code>cyr2lat</code> domain was triggered too early. This is usually an indicator for some code in the plugin or theme running too early. Translations should be loaded at the <code>init</code> action or later. Please see <a href="https://developer.wordpress.org/advanced-administration/debug/debug-wordpress/">Debugging in WordPress</a> for more information. (This message was added in version 6.7.0.) in C:\OSPanel\home\classes.local\wp-includes\functions.php on line 6131
[24-Mar-2026 21:09:52 UTC] PHP Deprecated:  Функция seems_utf8 с версии 6.9.0 <strong>считается устаревшей</strong>! Используйте wp_is_valid_utf8(). in C:\OSPanel\home\classes.local\wp-includes\functions.php on line 6131
[24-Mar-2026 21:10:02 UTC] PHP Notice:  Function _load_textdomain_just_in_time was called <strong>incorrectly</strong>. Translation loading for the <code>cyr2lat</code> domain was triggered too early. This is usually an indicator for some code in the plugin or theme running too early. Translations should be loaded at the <code>init</code> action or later. Please see <a href="https://developer.wordpress.org/advanced-administration/debug/debug-wordpress/">Debugging in WordPress</a> for more information. (This message was added in version 6.7.0.) in C:\OSPanel\home\classes.local\wp-includes\functions.php on line 6131
[24-Mar-2026 21:10:02 UTC] PHP Deprecated:  Функция seems_utf8 с версии 6.9.0 <strong>считается устаревшей</strong>! Используйте wp_is_valid_utf8(). in C:\OSPanel\home\classes.local\wp-includes\functions.php on line 6131
[24-Mar-2026 21:10:13 UTC] PHP Notice:  Function _load_textdomain_just_in_time was called <strong>incorrectly</strong>. Translation loading for the <code>cyr2lat</code> domain was triggered too early. This is usually an indicator for some code in the plugin or theme running too early. Translations should be loaded at the <code>init</code> action or later. Please see <a href="https://developer.wordpress.org/advanced-administration/debug/debug-wordpress/">Debugging in WordPress</a> for more information. (This message was added in version 6.7.0.) in C:\OSPanel\home\classes.local\wp-includes\functions.php on line 6131
[24-Mar-2026 21:10:13 UTC] PHP Notice:  Function _load_textdomain_just_in_time was called <strong>incorrectly</strong>. Translation loading for the <code>cyr2lat</code> domain was triggered too early. This is usually an indicator for some code in the plugin or theme running too early. Translations should be loaded at the <code>init</code> action or later. Please see <a href="https://developer.wordpress.org/advanced-administration/debug/debug-wordpress/">Debugging in WordPress</a> for more information. (This message was added in version 6.7.0.) in C:\OSPanel\home\classes.local\wp-includes\functions.php on line 6131
[24-Mar-2026 21:10:13 UTC] PHP Notice:  Function _load_textdomain_just_in_time was called <strong>incorrectly</strong>. Translation loading for the <code>cyr2lat</code> domain was triggered too early. This is usually an indicator for some code in the plugin or theme running too early. Translations should be loaded at the <code>init</code> action or later. Please see <a href="https://developer.wordpress.org/advanced-administration/debug/debug-wordpress/">Debugging in WordPress</a> for more information. (This message was added in version 6.7.0.) in C:\OSPanel\home\classes.local\wp-includes\functions.php on line 6131
[24-Mar-2026 21:10:13 UTC] PHP Deprecated:  Функция seems_utf8 с версии 6.9.0 <strong>считается устаревшей</strong>! Используйте wp_is_valid_utf8(). in C:\OSPanel\home\classes.local\wp-includes\functions.php on line 6131
[24-Mar-2026 21:10:13 UTC] PHP Deprecated:  Функция seems_utf8 с версии 6.9.0 <strong>считается устаревшей</strong>! Используйте wp_is_valid_utf8(). in C:\OSPanel\home\classes.local\wp-includes\functions.php on line 6131
[24-Mar-2026 21:10:13 UTC] PHP Deprecated:  Функция seems_utf8 с версии 6.9.0 <strong>считается устаревшей</strong>! Используйте wp_is_valid_utf8(). in C:\OSPanel\home\classes.local\wp-includes\functions.php on line 6131
[24-Mar-2026 21:10:13 UTC] CPT Slider attributes: Array
(
    [postType] => events
    [taxonomy] => event_category
    [terms] => Array
        (
            [0] => 23
            [1] => 25
        )

)

[24-Mar-2026 21:10:14 UTC] PHP Notice:  Function _load_textdomain_just_in_time was called <strong>incorrectly</strong>. Translation loading for the <code>cyr2lat</code> domain was triggered too early. This is usually an indicator for some code in the plugin or theme running too early. Translations should be loaded at the <code>init</code> action or later. Please see <a href="https://developer.wordpress.org/advanced-administration/debug/debug-wordpress/">Debugging in WordPress</a> for more information. (This message was added in version 6.7.0.) in C:\OSPanel\home\classes.local\wp-includes\functions.php on line 6131
[24-Mar-2026 21:10:15 UTC] PHP Deprecated:  Функция seems_utf8 с версии 6.9.0 <strong>считается устаревшей</strong>! Используйте wp_is_valid_utf8(). in C:\OSPanel\home\classes.local\wp-includes\functions.php on line 6131
[24-Mar-2026 21:11:41 UTC] PHP Notice:  Function _load_textdomain_just_in_time was called <strong>incorrectly</strong>. Translation loading for the <code>cyr2lat</code> domain was triggered too early. This is usually an indicator for some code in the plugin or theme running too early. Translations should be loaded at the <code>init</code> action or later. Please see <a href="https://developer.wordpress.org/advanced-administration/debug/debug-wordpress/">Debugging in WordPress</a> for more information. (This message was added in version 6.7.0.) in C:\OSPanel\home\classes.local\wp-includes\functions.php on line 6131
[24-Mar-2026 21:11:41 UTC] PHP Deprecated:  Функция seems_utf8 с версии 6.9.0 <strong>считается устаревшей</strong>! Используйте wp_is_valid_utf8(). in C:\OSPanel\home\classes.local\wp-includes\functions.php on line 6131
[24-Mar-2026 21:11:41 UTC] CPT Slider attributes: Array
(
    [postType] => events
    [taxonomy] => event_category
    [terms] => Array
        (
            [0] => 23
            [1] => 25
        )

)

[24-Mar-2026 21:11:41 UTC] PHP Notice:  Function _load_textdomain_just_in_time was called <strong>incorrectly</strong>. Translation loading for the <code>cyr2lat</code> domain was triggered too early. This is usually an indicator for some code in the plugin or theme running too early. Translations should be loaded at the <code>init</code> action or later. Please see <a href="https://developer.wordpress.org/advanced-administration/debug/debug-wordpress/">Debugging in WordPress</a> for more information. (This message was added in version 6.7.0.) in C:\OSPanel\home\classes.local\wp-includes\functions.php on line 6131
[24-Mar-2026 21:11:41 UTC] PHP Deprecated:  Функция seems_utf8 с версии 6.9.0 <strong>считается устаревшей</strong>! Используйте wp_is_valid_utf8(). in C:\OSPanel\home\classes.local\wp-includes\functions.php on line 6131
[24-Mar-2026 21:11:42 UTC] PHP Notice:  Function _load_textdomain_just_in_time was called <strong>incorrectly</strong>. Translation loading for the <code>cyr2lat</code> domain was triggered too early. This is usually an indicator for some code in the plugin or theme running too early. Translations should be loaded at the <code>init</code> action or later. Please see <a href="https://developer.wordpress.org/advanced-administration/debug/debug-wordpress/">Debugging in WordPress</a> for more information. (This message was added in version 6.7.0.) in C:\OSPanel\home\classes.local\wp-includes\functions.php on line 6131
[24-Mar-2026 21:11:42 UTC] PHP Deprecated:  Функция seems_utf8 с версии 6.9.0 <strong>считается устаревшей</strong>! Используйте wp_is_valid_utf8(). in C:\OSPanel\home\classes.local\wp-includes\functions.php on line 6131
[24-Mar-2026 21:12:14 UTC] PHP Notice:  Function _load_textdomain_just_in_time was called <strong>incorrectly</strong>. Translation loading for the <code>cyr2lat</code> domain was triggered too early. This is usually an indicator for some code in the plugin or theme running too early. Translations should be loaded at the <code>init</code> action or later. Please see <a href="https://developer.wordpress.org/advanced-administration/debug/debug-wordpress/">Debugging in WordPress</a> for more information. (This message was added in version 6.7.0.) in C:\OSPanel\home\classes.local\wp-includes\functions.php on line 6131
[24-Mar-2026 21:12:14 UTC] PHP Deprecated:  Функция seems_utf8 с версии 6.9.0 <strong>считается устаревшей</strong>! Используйте wp_is_valid_utf8(). in C:\OSPanel\home\classes.local\wp-includes\functions.php on line 6131
[24-Mar-2026 21:14:14 UTC] PHP Notice:  Function _load_textdomain_just_in_time was called <strong>incorrectly</strong>. Translation loading for the <code>cyr2lat</code> domain was triggered too early. This is usually an indicator for some code in the plugin or theme running too early. Translations should be loaded at the <code>init</code> action or later. Please see <a href="https://developer.wordpress.org/advanced-administration/debug/debug-wordpress/">Debugging in WordPress</a> for more information. (This message was added in version 6.7.0.) in C:\OSPanel\home\classes.local\wp-includes\functions.php on line 6131
[24-Mar-2026 21:14:14 UTC] PHP Deprecated:  Функция seems_utf8 с версии 6.9.0 <strong>считается устаревшей</strong>! Используйте wp_is_valid_utf8(). in C:\OSPanel\home\classes.local\wp-includes\functions.php on line 6131
[24-Mar-2026 21:16:15 UTC] PHP Notice:  Function _load_textdomain_just_in_time was called <strong>incorrectly</strong>. Translation loading for the <code>cyr2lat</code> domain was triggered too early. This is usually an indicator for some code in the plugin or theme running too early. Translations should be loaded at the <code>init</code> action or later. Please see <a href="https://developer.wordpress.org/advanced-administration/debug/debug-wordpress/">Debugging in WordPress</a> for more information. (This message was added in version 6.7.0.) in C:\OSPanel\home\classes.local\wp-includes\functions.php on line 6131
[24-Mar-2026 21:16:15 UTC] PHP Deprecated:  Функция seems_utf8 с версии 6.9.0 <strong>считается устаревшей</strong>! Используйте wp_is_valid_utf8(). in C:\OSPanel\home\classes.local\wp-includes\functions.php on line 6131
[24-Mar-2026 21:17:16 UTC] PHP Notice:  Function _load_textdomain_just_in_time was called <strong>incorrectly</strong>. Translation loading for the <code>cyr2lat</code> domain was triggered too early. This is usually an indicator for some code in the plugin or theme running too early. Translations should be loaded at the <code>init</code> action or later. Please see <a href="https://developer.wordpress.org/advanced-administration/debug/debug-wordpress/">Debugging in WordPress</a> for more information. (This message was added in version 6.7.0.) in C:\OSPanel\home\classes.local\wp-includes\functions.php on line 6131
[24-Mar-2026 21:17:16 UTC] PHP Deprecated:  Функция seems_utf8 с версии 6.9.0 <strong>считается устаревшей</strong>! Используйте wp_is_valid_utf8(). in C:\OSPanel\home\classes.local\wp-includes\functions.php on line 6131
[24-Mar-2026 21:17:16 UTC] CPT Slider attributes: Array
(
    [postType] => events
    [taxonomy] => event_category
    [terms] => Array
        (
            [0] => 23
            [1] => 25
        )

)

[24-Mar-2026 21:17:17 UTC] PHP Notice:  Function _load_textdomain_just_in_time was called <strong>incorrectly</strong>. Translation loading for the <code>cyr2lat</code> domain was triggered too early. This is usually an indicator for some code in the plugin or theme running too early. Translations should be loaded at the <code>init</code> action or later. Please see <a href="https://developer.wordpress.org/advanced-administration/debug/debug-wordpress/">Debugging in WordPress</a> for more information. (This message was added in version 6.7.0.) in C:\OSPanel\home\classes.local\wp-includes\functions.php on line 6131
[24-Mar-2026 21:17:17 UTC] PHP Notice:  Function _load_textdomain_just_in_time was called <strong>incorrectly</strong>. Translation loading for the <code>cyr2lat</code> domain was triggered too early. This is usually an indicator for some code in the plugin or theme running too early. Translations should be loaded at the <code>init</code> action or later. Please see <a href="https://developer.wordpress.org/advanced-administration/debug/debug-wordpress/">Debugging in WordPress</a> for more information. (This message was added in version 6.7.0.) in C:\OSPanel\home\classes.local\wp-includes\functions.php on line 6131
[24-Mar-2026 21:17:17 UTC] PHP Deprecated:  Функция seems_utf8 с версии 6.9.0 <strong>считается устаревшей</strong>! Используйте wp_is_valid_utf8(). in C:\OSPanel\home\classes.local\wp-includes\functions.php on line 6131
[24-Mar-2026 21:17:17 UTC] PHP Deprecated:  Функция seems_utf8 с версии 6.9.0 <strong>считается устаревшей</strong>! Используйте wp_is_valid_utf8(). in C:\OSPanel\home\classes.local\wp-includes\functions.php on line 6131
[24-Mar-2026 21:18:16 UTC] PHP Notice:  Function _load_textdomain_just_in_time was called <strong>incorrectly</strong>. Translation loading for the <code>cyr2lat</code> domain was triggered too early. This is usually an indicator for some code in the plugin or theme running too early. Translations should be loaded at the <code>init</code> action or later. Please see <a href="https://developer.wordpress.org/advanced-administration/debug/debug-wordpress/">Debugging in WordPress</a> for more information. (This message was added in version 6.7.0.) in C:\OSPanel\home\classes.local\wp-includes\functions.php on line 6131
[24-Mar-2026 21:18:16 UTC] PHP Deprecated:  Функция seems_utf8 с версии 6.9.0 <strong>считается устаревшей</strong>! Используйте wp_is_valid_utf8(). in C:\OSPanel\home\classes.local\wp-includes\functions.php on line 6131
[24-Mar-2026 21:20:16 UTC] PHP Notice:  Function _load_textdomain_just_in_time was called <strong>incorrectly</strong>. Translation loading for the <code>cyr2lat</code> domain was triggered too early. This is usually an indicator for some code in the plugin or theme running too early. Translations should be loaded at the <code>init</code> action or later. Please see <a href="https://developer.wordpress.org/advanced-administration/debug/debug-wordpress/">Debugging in WordPress</a> for more information. (This message was added in version 6.7.0.) in C:\OSPanel\home\classes.local\wp-includes\functions.php on line 6131
[24-Mar-2026 21:20:16 UTC] PHP Deprecated:  Функция seems_utf8 с версии 6.9.0 <strong>считается устаревшей</strong>! Используйте wp_is_valid_utf8(). in C:\OSPanel\home\classes.local\wp-includes\functions.php on line 6131
[24-Mar-2026 21:21:12 UTC] PHP Notice:  Function _load_textdomain_just_in_time was called <strong>incorrectly</strong>. Translation loading for the <code>cyr2lat</code> domain was triggered too early. This is usually an indicator for some code in the plugin or theme running too early. Translations should be loaded at the <code>init</code> action or later. Please see <a href="https://developer.wordpress.org/advanced-administration/debug/debug-wordpress/">Debugging in WordPress</a> for more information. (This message was added in version 6.7.0.) in C:\OSPanel\home\classes.local\wp-includes\functions.php on line 6131
[24-Mar-2026 21:21:12 UTC] PHP Deprecated:  Функция seems_utf8 с версии 6.9.0 <strong>считается устаревшей</strong>! Используйте wp_is_valid_utf8(). in C:\OSPanel\home\classes.local\wp-includes\functions.php on line 6131
[24-Mar-2026 21:21:22 UTC] PHP Notice:  Function _load_textdomain_just_in_time was called <strong>incorrectly</strong>. Translation loading for the <code>cyr2lat</code> domain was triggered too early. This is usually an indicator for some code in the plugin or theme running too early. Translations should be loaded at the <code>init</code> action or later. Please see <a href="https://developer.wordpress.org/advanced-administration/debug/debug-wordpress/">Debugging in WordPress</a> for more information. (This message was added in version 6.7.0.) in C:\OSPanel\home\classes.local\wp-includes\functions.php on line 6131
[24-Mar-2026 21:21:22 UTC] PHP Deprecated:  Функция seems_utf8 с версии 6.9.0 <strong>считается устаревшей</strong>! Используйте wp_is_valid_utf8(). in C:\OSPanel\home\classes.local\wp-includes\functions.php on line 6131
[24-Mar-2026 21:21:44 UTC] PHP Notice:  Function _load_textdomain_just_in_time was called <strong>incorrectly</strong>. Translation loading for the <code>cyr2lat</code> domain was triggered too early. This is usually an indicator for some code in the plugin or theme running too early. Translations should be loaded at the <code>init</code> action or later. Please see <a href="https://developer.wordpress.org/advanced-administration/debug/debug-wordpress/">Debugging in WordPress</a> for more information. (This message was added in version 6.7.0.) in C:\OSPanel\home\classes.local\wp-includes\functions.php on line 6131
[24-Mar-2026 21:21:44 UTC] PHP Deprecated:  Функция seems_utf8 с версии 6.9.0 <strong>считается устаревшей</strong>! Используйте wp_is_valid_utf8(). in C:\OSPanel\home\classes.local\wp-includes\functions.php on line 6131
[24-Mar-2026 21:21:55 UTC] PHP Notice:  Function _load_textdomain_just_in_time was called <strong>incorrectly</strong>. Translation loading for the <code>cyr2lat</code> domain was triggered too early. This is usually an indicator for some code in the plugin or theme running too early. Translations should be loaded at the <code>init</code> action or later. Please see <a href="https://developer.wordpress.org/advanced-administration/debug/debug-wordpress/">Debugging in WordPress</a> for more information. (This message was added in version 6.7.0.) in C:\OSPanel\home\classes.local\wp-includes\functions.php on line 6131
[24-Mar-2026 21:21:55 UTC] PHP Deprecated:  Функция seems_utf8 с версии 6.9.0 <strong>считается устаревшей</strong>! Используйте wp_is_valid_utf8(). in C:\OSPanel\home\classes.local\wp-includes\functions.php on line 6131
[24-Mar-2026 21:23:54 UTC] PHP Notice:  Function _load_textdomain_just_in_time was called <strong>incorrectly</strong>. Translation loading for the <code>cyr2lat</code> domain was triggered too early. This is usually an indicator for some code in the plugin or theme running too early. Translations should be loaded at the <code>init</code> action or later. Please see <a href="https://developer.wordpress.org/advanced-administration/debug/debug-wordpress/">Debugging in WordPress</a> for more information. (This message was added in version 6.7.0.) in C:\OSPanel\home\classes.local\wp-includes\functions.php on line 6131
[24-Mar-2026 21:23:55 UTC] PHP Deprecated:  Функция seems_utf8 с версии 6.9.0 <strong>считается устаревшей</strong>! Используйте wp_is_valid_utf8(). in C:\OSPanel\home\classes.local\wp-includes\functions.php on line 6131
[24-Mar-2026 21:24:23 UTC] PHP Notice:  Function _load_textdomain_just_in_time was called <strong>incorrectly</strong>. Translation loading for the <code>cyr2lat</code> domain was triggered too early. This is usually an indicator for some code in the plugin or theme running too early. Translations should be loaded at the <code>init</code> action or later. Please see <a href="https://developer.wordpress.org/advanced-administration/debug/debug-wordpress/">Debugging in WordPress</a> for more information. (This message was added in version 6.7.0.) in C:\OSPanel\home\classes.local\wp-includes\functions.php on line 6131
[24-Mar-2026 21:24:23 UTC] PHP Deprecated:  Функция seems_utf8 с версии 6.9.0 <strong>считается устаревшей</strong>! Используйте wp_is_valid_utf8(). in C:\OSPanel\home\classes.local\wp-includes\functions.php on line 6131
[24-Mar-2026 21:24:23 UTC] CPT Slider attributes: Array
(
    [postType] => events
    [taxonomy] => event_category
    [terms] => Array
        (
            [0] => 23
            [1] => 25
        )

)

[24-Mar-2026 21:24:24 UTC] PHP Notice:  Function _load_textdomain_just_in_time was called <strong>incorrectly</strong>. Translation loading for the <code>cyr2lat</code> domain was triggered too early. This is usually an indicator for some code in the plugin or theme running too early. Translations should be loaded at the <code>init</code> action or later. Please see <a href="https://developer.wordpress.org/advanced-administration/debug/debug-wordpress/">Debugging in WordPress</a> for more information. (This message was added in version 6.7.0.) in C:\OSPanel\home\classes.local\wp-includes\functions.php on line 6131
[24-Mar-2026 21:24:24 UTC] PHP Notice:  Function _load_textdomain_just_in_time was called <strong>incorrectly</strong>. Translation loading for the <code>cyr2lat</code> domain was triggered too early. This is usually an indicator for some code in the plugin or theme running too early. Translations should be loaded at the <code>init</code> action or later. Please see <a href="https://developer.wordpress.org/advanced-administration/debug/debug-wordpress/">Debugging in WordPress</a> for more information. (This message was added in version 6.7.0.) in C:\OSPanel\home\classes.local\wp-includes\functions.php on line 6131
[24-Mar-2026 21:24:24 UTC] PHP Deprecated:  Функция seems_utf8 с версии 6.9.0 <strong>считается устаревшей</strong>! Используйте wp_is_valid_utf8(). in C:\OSPanel\home\classes.local\wp-includes\functions.php on line 6131
[24-Mar-2026 21:24:24 UTC] PHP Deprecated:  Функция seems_utf8 с версии 6.9.0 <strong>считается устаревшей</strong>! Используйте wp_is_valid_utf8(). in C:\OSPanel\home\classes.local\wp-includes\functions.php on line 6131
[24-Mar-2026 21:25:54 UTC] PHP Notice:  Function _load_textdomain_just_in_time was called <strong>incorrectly</strong>. Translation loading for the <code>cyr2lat</code> domain was triggered too early. This is usually an indicator for some code in the plugin or theme running too early. Translations should be loaded at the <code>init</code> action or later. Please see <a href="https://developer.wordpress.org/advanced-administration/debug/debug-wordpress/">Debugging in WordPress</a> for more information. (This message was added in version 6.7.0.) in C:\OSPanel\home\classes.local\wp-includes\functions.php on line 6131
[24-Mar-2026 21:25:55 UTC] PHP Deprecated:  Функция seems_utf8 с версии 6.9.0 <strong>считается устаревшей</strong>! Используйте wp_is_valid_utf8(). in C:\OSPanel\home\classes.local\wp-includes\functions.php on line 6131
[24-Mar-2026 21:26:26 UTC] PHP Notice:  Function _load_textdomain_just_in_time was called <strong>incorrectly</strong>. Translation loading for the <code>cyr2lat</code> domain was triggered too early. This is usually an indicator for some code in the plugin or theme running too early. Translations should be loaded at the <code>init</code> action or later. Please see <a href="https://developer.wordpress.org/advanced-administration/debug/debug-wordpress/">Debugging in WordPress</a> for more information. (This message was added in version 6.7.0.) in C:\OSPanel\home\classes.local\wp-includes\functions.php on line 6131
[24-Mar-2026 21:26:26 UTC] PHP Deprecated:  Функция seems_utf8 с версии 6.9.0 <strong>считается устаревшей</strong>! Используйте wp_is_valid_utf8(). in C:\OSPanel\home\classes.local\wp-includes\functions.php on line 6131
[24-Mar-2026 21:26:26 UTC] CPT Slider attributes: Array
(
    [postType] => events
    [taxonomy] => event_category
    [terms] => Array
        (
            [0] => 23
            [1] => 25
        )

)

[24-Mar-2026 21:26:27 UTC] PHP Notice:  Function _load_textdomain_just_in_time was called <strong>incorrectly</strong>. Translation loading for the <code>cyr2lat</code> domain was triggered too early. This is usually an indicator for some code in the plugin or theme running too early. Translations should be loaded at the <code>init</code> action or later. Please see <a href="https://developer.wordpress.org/advanced-administration/debug/debug-wordpress/">Debugging in WordPress</a> for more information. (This message was added in version 6.7.0.) in C:\OSPanel\home\classes.local\wp-includes\functions.php on line 6131
[24-Mar-2026 21:26:27 UTC] PHP Notice:  Function _load_textdomain_just_in_time was called <strong>incorrectly</strong>. Translation loading for the <code>cyr2lat</code> domain was triggered too early. This is usually an indicator for some code in the plugin or theme running too early. Translations should be loaded at the <code>init</code> action or later. Please see <a href="https://developer.wordpress.org/advanced-administration/debug/debug-wordpress/">Debugging in WordPress</a> for more information. (This message was added in version 6.7.0.) in C:\OSPanel\home\classes.local\wp-includes\functions.php on line 6131
[24-Mar-2026 21:26:27 UTC] PHP Deprecated:  Функция seems_utf8 с версии 6.9.0 <strong>считается устаревшей</strong>! Используйте wp_is_valid_utf8(). in C:\OSPanel\home\classes.local\wp-includes\functions.php on line 6131
[24-Mar-2026 21:26:27 UTC] PHP Deprecated:  Функция seems_utf8 с версии 6.9.0 <strong>считается устаревшей</strong>! Используйте wp_is_valid_utf8(). in C:\OSPanel\home\classes.local\wp-includes\functions.php on line 6131
[24-Mar-2026 21:26:57 UTC] PHP Notice:  Function _load_textdomain_just_in_time was called <strong>incorrectly</strong>. Translation loading for the <code>cyr2lat</code> domain was triggered too early. This is usually an indicator for some code in the plugin or theme running too early. Translations should be loaded at the <code>init</code> action or later. Please see <a href="https://developer.wordpress.org/advanced-administration/debug/debug-wordpress/">Debugging in WordPress</a> for more information. (This message was added in version 6.7.0.) in C:\OSPanel\home\classes.local\wp-includes\functions.php on line 6131
[24-Mar-2026 21:26:57 UTC] PHP Deprecated:  Функция seems_utf8 с версии 6.9.0 <strong>считается устаревшей</strong>! Используйте wp_is_valid_utf8(). in C:\OSPanel\home\classes.local\wp-includes\functions.php on line 6131
[24-Mar-2026 21:26:58 UTC] CPT Slider attributes: Array
(
    [postType] => events
    [taxonomy] => event_category
    [terms] => Array
        (
            [0] => 23
            [1] => 25
        )

)

[24-Mar-2026 21:26:58 UTC] PHP Notice:  Function _load_textdomain_just_in_time was called <strong>incorrectly</strong>. Translation loading for the <code>cyr2lat</code> domain was triggered too early. This is usually an indicator for some code in the plugin or theme running too early. Translations should be loaded at the <code>init</code> action or later. Please see <a href="https://developer.wordpress.org/advanced-administration/debug/debug-wordpress/">Debugging in WordPress</a> for more information. (This message was added in version 6.7.0.) in C:\OSPanel\home\classes.local\wp-includes\functions.php on line 6131
[24-Mar-2026 21:26:58 UTC] PHP Notice:  Function _load_textdomain_just_in_time was called <strong>incorrectly</strong>. Translation loading for the <code>cyr2lat</code> domain was triggered too early. This is usually an indicator for some code in the plugin or theme running too early. Translations should be loaded at the <code>init</code> action or later. Please see <a href="https://developer.wordpress.org/advanced-administration/debug/debug-wordpress/">Debugging in WordPress</a> for more information. (This message was added in version 6.7.0.) in C:\OSPanel\home\classes.local\wp-includes\functions.php on line 6131
[24-Mar-2026 21:26:58 UTC] PHP Deprecated:  Функция seems_utf8 с версии 6.9.0 <strong>считается устаревшей</strong>! Используйте wp_is_valid_utf8(). in C:\OSPanel\home\classes.local\wp-includes\functions.php on line 6131
[24-Mar-2026 21:26:58 UTC] PHP Deprecated:  Функция seems_utf8 с версии 6.9.0 <strong>считается устаревшей</strong>! Используйте wp_is_valid_utf8(). in C:\OSPanel\home\classes.local\wp-includes\functions.php on line 6131
[24-Mar-2026 21:27:28 UTC] PHP Notice:  Function _load_textdomain_just_in_time was called <strong>incorrectly</strong>. Translation loading for the <code>cyr2lat</code> domain was triggered too early. This is usually an indicator for some code in the plugin or theme running too early. Translations should be loaded at the <code>init</code> action or later. Please see <a href="https://developer.wordpress.org/advanced-administration/debug/debug-wordpress/">Debugging in WordPress</a> for more information. (This message was added in version 6.7.0.) in C:\OSPanel\home\classes.local\wp-includes\functions.php on line 6131
[24-Mar-2026 21:27:28 UTC] PHP Deprecated:  Функция seems_utf8 с версии 6.9.0 <strong>считается устаревшей</strong>! Используйте wp_is_valid_utf8(). in C:\OSPanel\home\classes.local\wp-includes\functions.php on line 6131
[24-Mar-2026 21:27:35 UTC] PHP Notice:  Function _load_textdomain_just_in_time was called <strong>incorrectly</strong>. Translation loading for the <code>cyr2lat</code> domain was triggered too early. This is usually an indicator for some code in the plugin or theme running too early. Translations should be loaded at the <code>init</code> action or later. Please see <a href="https://developer.wordpress.org/advanced-administration/debug/debug-wordpress/">Debugging in WordPress</a> for more information. (This message was added in version 6.7.0.) in C:\OSPanel\home\classes.local\wp-includes\functions.php on line 6131
[24-Mar-2026 21:27:35 UTC] PHP Deprecated:  Функция seems_utf8 с версии 6.9.0 <strong>считается устаревшей</strong>! Используйте wp_is_valid_utf8(). in C:\OSPanel\home\classes.local\wp-includes\functions.php on line 6131
[24-Mar-2026 21:27:35 UTC] CPT Slider attributes: Array
(
    [postType] => events
    [taxonomy] => event_category
    [terms] => Array
        (
            [0] => 23
            [1] => 25
        )

)

[24-Mar-2026 21:27:36 UTC] PHP Notice:  Function _load_textdomain_just_in_time was called <strong>incorrectly</strong>. Translation loading for the <code>cyr2lat</code> domain was triggered too early. This is usually an indicator for some code in the plugin or theme running too early. Translations should be loaded at the <code>init</code> action or later. Please see <a href="https://developer.wordpress.org/advanced-administration/debug/debug-wordpress/">Debugging in WordPress</a> for more information. (This message was added in version 6.7.0.) in C:\OSPanel\home\classes.local\wp-includes\functions.php on line 6131
[24-Mar-2026 21:27:36 UTC] PHP Notice:  Function _load_textdomain_just_in_time was called <strong>incorrectly</strong>. Translation loading for the <code>cyr2lat</code> domain was triggered too early. This is usually an indicator for some code in the plugin or theme running too early. Translations should be loaded at the <code>init</code> action or later. Please see <a href="https://developer.wordpress.org/advanced-administration/debug/debug-wordpress/">Debugging in WordPress</a> for more information. (This message was added in version 6.7.0.) in C:\OSPanel\home\classes.local\wp-includes\functions.php on line 6131
[24-Mar-2026 21:27:36 UTC] PHP Deprecated:  Функция seems_utf8 с версии 6.9.0 <strong>считается устаревшей</strong>! Используйте wp_is_valid_utf8(). in C:\OSPanel\home\classes.local\wp-includes\functions.php on line 6131
[24-Mar-2026 21:27:36 UTC] PHP Deprecated:  Функция seems_utf8 с версии 6.9.0 <strong>считается устаревшей</strong>! Используйте wp_is_valid_utf8(). in C:\OSPanel\home\classes.local\wp-includes\functions.php on line 6131
[24-Mar-2026 21:27:38 UTC] PHP Notice:  Function _load_textdomain_just_in_time was called <strong>incorrectly</strong>. Translation loading for the <code>cyr2lat</code> domain was triggered too early. This is usually an indicator for some code in the plugin or theme running too early. Translations should be loaded at the <code>init</code> action or later. Please see <a href="https://developer.wordpress.org/advanced-administration/debug/debug-wordpress/">Debugging in WordPress</a> for more information. (This message was added in version 6.7.0.) in C:\OSPanel\home\classes.local\wp-includes\functions.php on line 6131
[24-Mar-2026 21:27:38 UTC] PHP Deprecated:  Функция seems_utf8 с версии 6.9.0 <strong>считается устаревшей</strong>! Используйте wp_is_valid_utf8(). in C:\OSPanel\home\classes.local\wp-includes\functions.php on line 6131
[24-Mar-2026 21:28:16 UTC] PHP Notice:  Function _load_textdomain_just_in_time was called <strong>incorrectly</strong>. Translation loading for the <code>cyr2lat</code> domain was triggered too early. This is usually an indicator for some code in the plugin or theme running too early. Translations should be loaded at the <code>init</code> action or later. Please see <a href="https://developer.wordpress.org/advanced-administration/debug/debug-wordpress/">Debugging in WordPress</a> for more information. (This message was added in version 6.7.0.) in C:\OSPanel\home\classes.local\wp-includes\functions.php on line 6131
[24-Mar-2026 21:28:16 UTC] PHP Deprecated:  Функция seems_utf8 с версии 6.9.0 <strong>считается устаревшей</strong>! Используйте wp_is_valid_utf8(). in C:\OSPanel\home\classes.local\wp-includes\functions.php on line 6131
[24-Mar-2026 21:28:16 UTC] CPT Slider attributes: Array
(
    [postType] => events
    [taxonomy] => event_category
    [terms] => Array
        (
            [0] => 23
            [1] => 25
        )

)

[24-Mar-2026 21:28:17 UTC] PHP Notice:  Function _load_textdomain_just_in_time was called <strong>incorrectly</strong>. Translation loading for the <code>cyr2lat</code> domain was triggered too early. This is usually an indicator for some code in the plugin or theme running too early. Translations should be loaded at the <code>init</code> action or later. Please see <a href="https://developer.wordpress.org/advanced-administration/debug/debug-wordpress/">Debugging in WordPress</a> for more information. (This message was added in version 6.7.0.) in C:\OSPanel\home\classes.local\wp-includes\functions.php on line 6131
[24-Mar-2026 21:28:17 UTC] PHP Notice:  Function _load_textdomain_just_in_time was called <strong>incorrectly</strong>. Translation loading for the <code>cyr2lat</code> domain was triggered too early. This is usually an indicator for some code in the plugin or theme running too early. Translations should be loaded at the <code>init</code> action or later. Please see <a href="https://developer.wordpress.org/advanced-administration/debug/debug-wordpress/">Debugging in WordPress</a> for more information. (This message was added in version 6.7.0.) in C:\OSPanel\home\classes.local\wp-includes\functions.php on line 6131
[24-Mar-2026 21:28:17 UTC] PHP Deprecated:  Функция seems_utf8 с версии 6.9.0 <strong>считается устаревшей</strong>! Используйте wp_is_valid_utf8(). in C:\OSPanel\home\classes.local\wp-includes\functions.php on line 6131
[24-Mar-2026 21:28:17 UTC] PHP Deprecated:  Функция seems_utf8 с версии 6.9.0 <strong>считается устаревшей</strong>! Используйте wp_is_valid_utf8(). in C:\OSPanel\home\classes.local\wp-includes\functions.php on line 6131
[24-Mar-2026 21:29:06 UTC] PHP Notice:  Function _load_textdomain_just_in_time was called <strong>incorrectly</strong>. Translation loading for the <code>cyr2lat</code> domain was triggered too early. This is usually an indicator for some code in the plugin or theme running too early. Translations should be loaded at the <code>init</code> action or later. Please see <a href="https://developer.wordpress.org/advanced-administration/debug/debug-wordpress/">Debugging in WordPress</a> for more information. (This message was added in version 6.7.0.) in C:\OSPanel\home\classes.local\wp-includes\functions.php on line 6131
[24-Mar-2026 21:29:07 UTC] PHP Deprecated:  Функция seems_utf8 с версии 6.9.0 <strong>считается устаревшей</strong>! Используйте wp_is_valid_utf8(). in C:\OSPanel\home\classes.local\wp-includes\functions.php on line 6131
[24-Mar-2026 21:29:07 UTC] CPT Slider attributes: Array
(
    [postType] => events
    [taxonomy] => event_category
    [terms] => Array
        (
            [0] => 23
            [1] => 25
        )

)

[24-Mar-2026 21:29:08 UTC] PHP Notice:  Function _load_textdomain_just_in_time was called <strong>incorrectly</strong>. Translation loading for the <code>cyr2lat</code> domain was triggered too early. This is usually an indicator for some code in the plugin or theme running too early. Translations should be loaded at the <code>init</code> action or later. Please see <a href="https://developer.wordpress.org/advanced-administration/debug/debug-wordpress/">Debugging in WordPress</a> for more information. (This message was added in version 6.7.0.) in C:\OSPanel\home\classes.local\wp-includes\functions.php on line 6131
[24-Mar-2026 21:29:08 UTC] PHP Deprecated:  Функция seems_utf8 с версии 6.9.0 <strong>считается устаревшей</strong>! Используйте wp_is_valid_utf8(). in C:\OSPanel\home\classes.local\wp-includes\functions.php on line 6131
[24-Mar-2026 21:29:38 UTC] PHP Notice:  Function _load_textdomain_just_in_time was called <strong>incorrectly</strong>. Translation loading for the <code>cyr2lat</code> domain was triggered too early. This is usually an indicator for some code in the plugin or theme running too early. Translations should be loaded at the <code>init</code> action or later. Please see <a href="https://developer.wordpress.org/advanced-administration/debug/debug-wordpress/">Debugging in WordPress</a> for more information. (This message was added in version 6.7.0.) in C:\OSPanel\home\classes.local\wp-includes\functions.php on line 6131
[24-Mar-2026 21:29:38 UTC] PHP Deprecated:  Функция seems_utf8 с версии 6.9.0 <strong>считается устаревшей</strong>! Используйте wp_is_valid_utf8(). in C:\OSPanel\home\classes.local\wp-includes\functions.php on line 6131
[24-Mar-2026 21:29:51 UTC] PHP Notice:  Function _load_textdomain_just_in_time was called <strong>incorrectly</strong>. Translation loading for the <code>cyr2lat</code> domain was triggered too early. This is usually an indicator for some code in the plugin or theme running too early. Translations should be loaded at the <code>init</code> action or later. Please see <a href="https://developer.wordpress.org/advanced-administration/debug/debug-wordpress/">Debugging in WordPress</a> for more information. (This message was added in version 6.7.0.) in C:\OSPanel\home\classes.local\wp-includes\functions.php on line 6131
[24-Mar-2026 21:29:51 UTC] PHP Deprecated:  Функция seems_utf8 с версии 6.9.0 <strong>считается устаревшей</strong>! Используйте wp_is_valid_utf8(). in C:\OSPanel\home\classes.local\wp-includes\functions.php on line 6131
[24-Mar-2026 21:29:51 UTC] CPT Slider attributes: Array
(
    [postType] => events
    [taxonomy] => event_category
    [terms] => Array
        (
            [0] => 23
            [1] => 25
        )

)

[24-Mar-2026 21:29:52 UTC] PHP Notice:  Function _load_textdomain_just_in_time was called <strong>incorrectly</strong>. Translation loading for the <code>cyr2lat</code> domain was triggered too early. This is usually an indicator for some code in the plugin or theme running too early. Translations should be loaded at the <code>init</code> action or later. Please see <a href="https://developer.wordpress.org/advanced-administration/debug/debug-wordpress/">Debugging in WordPress</a> for more information. (This message was added in version 6.7.0.) in C:\OSPanel\home\classes.local\wp-includes\functions.php on line 6131
[24-Mar-2026 21:29:52 UTC] PHP Deprecated:  Функция seems_utf8 с версии 6.9.0 <strong>считается устаревшей</strong>! Используйте wp_is_valid_utf8(). in C:\OSPanel\home\classes.local\wp-includes\functions.php on line 6131
[24-Mar-2026 21:31:38 UTC] PHP Notice:  Function _load_textdomain_just_in_time was called <strong>incorrectly</strong>. Translation loading for the <code>cyr2lat</code> domain was triggered too early. This is usually an indicator for some code in the plugin or theme running too early. Translations should be loaded at the <code>init</code> action or later. Please see <a href="https://developer.wordpress.org/advanced-administration/debug/debug-wordpress/">Debugging in WordPress</a> for more information. (This message was added in version 6.7.0.) in C:\OSPanel\home\classes.local\wp-includes\functions.php on line 6131
[24-Mar-2026 21:31:38 UTC] PHP Deprecated:  Функция seems_utf8 с версии 6.9.0 <strong>считается устаревшей</strong>! Используйте wp_is_valid_utf8(). in C:\OSPanel\home\classes.local\wp-includes\functions.php on line 6131
[24-Mar-2026 21:32:03 UTC] PHP Notice:  Function _load_textdomain_just_in_time was called <strong>incorrectly</strong>. Translation loading for the <code>cyr2lat</code> domain was triggered too early. This is usually an indicator for some code in the plugin or theme running too early. Translations should be loaded at the <code>init</code> action or later. Please see <a href="https://developer.wordpress.org/advanced-administration/debug/debug-wordpress/">Debugging in WordPress</a> for more information. (This message was added in version 6.7.0.) in C:\OSPanel\home\classes.local\wp-includes\functions.php on line 6131
[24-Mar-2026 21:32:03 UTC] PHP Deprecated:  Функция seems_utf8 с версии 6.9.0 <strong>считается устаревшей</strong>! Используйте wp_is_valid_utf8(). in C:\OSPanel\home\classes.local\wp-includes\functions.php on line 6131
[24-Mar-2026 21:32:03 UTC] CPT Slider attributes: Array
(
    [postType] => events
    [taxonomy] => event_category
    [terms] => Array
        (
            [0] => 23
            [1] => 25
        )

)

[24-Mar-2026 21:32:04 UTC] PHP Notice:  Function _load_textdomain_just_in_time was called <strong>incorrectly</strong>. Translation loading for the <code>cyr2lat</code> domain was triggered too early. This is usually an indicator for some code in the plugin or theme running too early. Translations should be loaded at the <code>init</code> action or later. Please see <a href="https://developer.wordpress.org/advanced-administration/debug/debug-wordpress/">Debugging in WordPress</a> for more information. (This message was added in version 6.7.0.) in C:\OSPanel\home\classes.local\wp-includes\functions.php on line 6131
[24-Mar-2026 21:32:04 UTC] PHP Deprecated:  Функция seems_utf8 с версии 6.9.0 <strong>считается устаревшей</strong>! Используйте wp_is_valid_utf8(). in C:\OSPanel\home\classes.local\wp-includes\functions.php on line 6131
[24-Mar-2026 21:33:22 UTC] PHP Notice:  Function _load_textdomain_just_in_time was called <strong>incorrectly</strong>. Translation loading for the <code>cyr2lat</code> domain was triggered too early. This is usually an indicator for some code in the plugin or theme running too early. Translations should be loaded at the <code>init</code> action or later. Please see <a href="https://developer.wordpress.org/advanced-administration/debug/debug-wordpress/">Debugging in WordPress</a> for more information. (This message was added in version 6.7.0.) in C:\OSPanel\home\classes.local\wp-includes\functions.php on line 6131
[24-Mar-2026 21:33:23 UTC] PHP Deprecated:  Функция seems_utf8 с версии 6.9.0 <strong>считается устаревшей</strong>! Используйте wp_is_valid_utf8(). in C:\OSPanel\home\classes.local\wp-includes\functions.php on line 6131
[24-Mar-2026 21:33:23 UTC] CPT Slider attributes: Array
(
    [postType] => events
    [taxonomy] => event_category
    [terms] => Array
        (
            [0] => 23
            [1] => 25
        )

)

[24-Mar-2026 21:33:23 UTC] PHP Notice:  Function _load_textdomain_just_in_time was called <strong>incorrectly</strong>. Translation loading for the <code>cyr2lat</code> domain was triggered too early. This is usually an indicator for some code in the plugin or theme running too early. Translations should be loaded at the <code>init</code> action or later. Please see <a href="https://developer.wordpress.org/advanced-administration/debug/debug-wordpress/">Debugging in WordPress</a> for more information. (This message was added in version 6.7.0.) in C:\OSPanel\home\classes.local\wp-includes\functions.php on line 6131
[24-Mar-2026 21:33:23 UTC] PHP Deprecated:  Функция seems_utf8 с версии 6.9.0 <strong>считается устаревшей</strong>! Используйте wp_is_valid_utf8(). in C:\OSPanel\home\classes.local\wp-includes\functions.php on line 6131
[24-Mar-2026 21:33:38 UTC] PHP Notice:  Function _load_textdomain_just_in_time was called <strong>incorrectly</strong>. Translation loading for the <code>cyr2lat</code> domain was triggered too early. This is usually an indicator for some code in the plugin or theme running too early. Translations should be loaded at the <code>init</code> action or later. Please see <a href="https://developer.wordpress.org/advanced-administration/debug/debug-wordpress/">Debugging in WordPress</a> for more information. (This message was added in version 6.7.0.) in C:\OSPanel\home\classes.local\wp-includes\functions.php on line 6131
[24-Mar-2026 21:33:38 UTC] PHP Deprecated:  Функция seems_utf8 с версии 6.9.0 <strong>считается устаревшей</strong>! Используйте wp_is_valid_utf8(). in C:\OSPanel\home\classes.local\wp-includes\functions.php on line 6131
[24-Mar-2026 21:35:38 UTC] PHP Notice:  Function _load_textdomain_just_in_time was called <strong>incorrectly</strong>. Translation loading for the <code>cyr2lat</code> domain was triggered too early. This is usually an indicator for some code in the plugin or theme running too early. Translations should be loaded at the <code>init</code> action or later. Please see <a href="https://developer.wordpress.org/advanced-administration/debug/debug-wordpress/">Debugging in WordPress</a> for more information. (This message was added in version 6.7.0.) in C:\OSPanel\home\classes.local\wp-includes\functions.php on line 6131
[24-Mar-2026 21:35:38 UTC] PHP Deprecated:  Функция seems_utf8 с версии 6.9.0 <strong>считается устаревшей</strong>! Используйте wp_is_valid_utf8(). in C:\OSPanel\home\classes.local\wp-includes\functions.php on line 6131
[24-Mar-2026 21:35:42 UTC] PHP Notice:  Function _load_textdomain_just_in_time was called <strong>incorrectly</strong>. Translation loading for the <code>cyr2lat</code> domain was triggered too early. This is usually an indicator for some code in the plugin or theme running too early. Translations should be loaded at the <code>init</code> action or later. Please see <a href="https://developer.wordpress.org/advanced-administration/debug/debug-wordpress/">Debugging in WordPress</a> for more information. (This message was added in version 6.7.0.) in C:\OSPanel\home\classes.local\wp-includes\functions.php on line 6131
[24-Mar-2026 21:35:42 UTC] PHP Deprecated:  Функция seems_utf8 с версии 6.9.0 <strong>считается устаревшей</strong>! Используйте wp_is_valid_utf8(). in C:\OSPanel\home\classes.local\wp-includes\functions.php on line 6131
[24-Mar-2026 21:35:42 UTC] CPT Slider attributes: Array
(
    [postType] => events
    [taxonomy] => event_category
    [terms] => Array
        (
            [0] => 23
            [1] => 25
        )

)

[24-Mar-2026 21:35:43 UTC] PHP Notice:  Function _load_textdomain_just_in_time was called <strong>incorrectly</strong>. Translation loading for the <code>cyr2lat</code> domain was triggered too early. This is usually an indicator for some code in the plugin or theme running too early. Translations should be loaded at the <code>init</code> action or later. Please see <a href="https://developer.wordpress.org/advanced-administration/debug/debug-wordpress/">Debugging in WordPress</a> for more information. (This message was added in version 6.7.0.) in C:\OSPanel\home\classes.local\wp-includes\functions.php on line 6131
[24-Mar-2026 21:35:43 UTC] PHP Deprecated:  Функция seems_utf8 с версии 6.9.0 <strong>считается устаревшей</strong>! Используйте wp_is_valid_utf8(). in C:\OSPanel\home\classes.local\wp-includes\functions.php on line 6131
[24-Mar-2026 21:36:19 UTC] PHP Notice:  Function _load_textdomain_just_in_time was called <strong>incorrectly</strong>. Translation loading for the <code>cyr2lat</code> domain was triggered too early. This is usually an indicator for some code in the plugin or theme running too early. Translations should be loaded at the <code>init</code> action or later. Please see <a href="https://developer.wordpress.org/advanced-administration/debug/debug-wordpress/">Debugging in WordPress</a> for more information. (This message was added in version 6.7.0.) in C:\OSPanel\home\classes.local\wp-includes\functions.php on line 6131
[24-Mar-2026 21:36:19 UTC] PHP Deprecated:  Функция seems_utf8 с версии 6.9.0 <strong>считается устаревшей</strong>! Используйте wp_is_valid_utf8(). in C:\OSPanel\home\classes.local\wp-includes\functions.php on line 6131
[24-Mar-2026 21:36:20 UTC] PHP Notice:  Function _load_textdomain_just_in_time was called <strong>incorrectly</strong>. Translation loading for the <code>cyr2lat</code> domain was triggered too early. This is usually an indicator for some code in the plugin or theme running too early. Translations should be loaded at the <code>init</code> action or later. Please see <a href="https://developer.wordpress.org/advanced-administration/debug/debug-wordpress/">Debugging in WordPress</a> for more information. (This message was added in version 6.7.0.) in C:\OSPanel\home\classes.local\wp-includes\functions.php on line 6131
[24-Mar-2026 21:36:20 UTC] PHP Deprecated:  Функция seems_utf8 с версии 6.9.0 <strong>считается устаревшей</strong>! Используйте wp_is_valid_utf8(). in C:\OSPanel\home\classes.local\wp-includes\functions.php on line 6131
[24-Mar-2026 21:36:22 UTC] PHP Notice:  Function _load_textdomain_just_in_time was called <strong>incorrectly</strong>. Translation loading for the <code>cyr2lat</code> domain was triggered too early. This is usually an indicator for some code in the plugin or theme running too early. Translations should be loaded at the <code>init</code> action or later. Please see <a href="https://developer.wordpress.org/advanced-administration/debug/debug-wordpress/">Debugging in WordPress</a> for more information. (This message was added in version 6.7.0.) in C:\OSPanel\home\classes.local\wp-includes\functions.php on line 6131
[24-Mar-2026 21:36:22 UTC] PHP Deprecated:  Функция seems_utf8 с версии 6.9.0 <strong>считается устаревшей</strong>! Используйте wp_is_valid_utf8(). in C:\OSPanel\home\classes.local\wp-includes\functions.php on line 6131
[24-Mar-2026 21:36:22 UTC] CPT Slider attributes: Array
(
    [postType] => events
    [taxonomy] => event_category
    [terms] => Array
        (
            [0] => 23
            [1] => 25
        )

)

[24-Mar-2026 21:36:23 UTC] PHP Notice:  Function _load_textdomain_just_in_time was called <strong>incorrectly</strong>. Translation loading for the <code>cyr2lat</code> domain was triggered too early. This is usually an indicator for some code in the plugin or theme running too early. Translations should be loaded at the <code>init</code> action or later. Please see <a href="https://developer.wordpress.org/advanced-administration/debug/debug-wordpress/">Debugging in WordPress</a> for more information. (This message was added in version 6.7.0.) in C:\OSPanel\home\classes.local\wp-includes\functions.php on line 6131
[24-Mar-2026 21:36:23 UTC] PHP Deprecated:  Функция seems_utf8 с версии 6.9.0 <strong>считается устаревшей</strong>! Используйте wp_is_valid_utf8(). in C:\OSPanel\home\classes.local\wp-includes\functions.php on line 6131
[24-Mar-2026 21:36:56 UTC] PHP Notice:  Function _load_textdomain_just_in_time was called <strong>incorrectly</strong>. Translation loading for the <code>cyr2lat</code> domain was triggered too early. This is usually an indicator for some code in the plugin or theme running too early. Translations should be loaded at the <code>init</code> action or later. Please see <a href="https://developer.wordpress.org/advanced-administration/debug/debug-wordpress/">Debugging in WordPress</a> for more information. (This message was added in version 6.7.0.) in C:\OSPanel\home\classes.local\wp-includes\functions.php on line 6131
[24-Mar-2026 21:36:56 UTC] PHP Deprecated:  Функция seems_utf8 с версии 6.9.0 <strong>считается устаревшей</strong>! Используйте wp_is_valid_utf8(). in C:\OSPanel\home\classes.local\wp-includes\functions.php on line 6131
[24-Mar-2026 21:36:56 UTC] CPT Slider attributes: Array
(
    [postType] => events
    [taxonomy] => event_category
    [terms] => Array
        (
            [0] => 23
            [1] => 25
        )

)

[24-Mar-2026 21:36:57 UTC] PHP Notice:  Function _load_textdomain_just_in_time was called <strong>incorrectly</strong>. Translation loading for the <code>cyr2lat</code> domain was triggered too early. This is usually an indicator for some code in the plugin or theme running too early. Translations should be loaded at the <code>init</code> action or later. Please see <a href="https://developer.wordpress.org/advanced-administration/debug/debug-wordpress/">Debugging in WordPress</a> for more information. (This message was added in version 6.7.0.) in C:\OSPanel\home\classes.local\wp-includes\functions.php on line 6131
[24-Mar-2026 21:36:57 UTC] PHP Deprecated:  Функция seems_utf8 с версии 6.9.0 <strong>считается устаревшей</strong>! Используйте wp_is_valid_utf8(). in C:\OSPanel\home\classes.local\wp-includes\functions.php on line 6131
[24-Mar-2026 21:37:38 UTC] PHP Notice:  Function _load_textdomain_just_in_time was called <strong>incorrectly</strong>. Translation loading for the <code>cyr2lat</code> domain was triggered too early. This is usually an indicator for some code in the plugin or theme running too early. Translations should be loaded at the <code>init</code> action or later. Please see <a href="https://developer.wordpress.org/advanced-administration/debug/debug-wordpress/">Debugging in WordPress</a> for more information. (This message was added in version 6.7.0.) in C:\OSPanel\home\classes.local\wp-includes\functions.php on line 6131
[24-Mar-2026 21:37:38 UTC] PHP Deprecated:  Функция seems_utf8 с версии 6.9.0 <strong>считается устаревшей</strong>! Используйте wp_is_valid_utf8(). in C:\OSPanel\home\classes.local\wp-includes\functions.php on line 6131
